Script started on March 31, 2016  2:05:08 PM MDT
sh-3.00$ m4 a5b.m > a5b.s
sh-3.00$ gcc a5b.s -o a5b
sh-3.00$ ./a5b
Error: There must be exactly 3 arguments in the form of mm dd yyyy.
sh-3.00$ ./a5b01   01
Error: There must be exactly 3 arguments in the form of mm dd yyyy.
sh-3.00$ ./a5b 01 01
Error: There must be exactly 3 arguments in the form of mm dd yyyy.
sh-3.00$ ./a5b 01 01     2001
Error: There must be exactly 3 arguments in the form of mm dd yyyy.
sh-3.00$ ./a5b 2001    abcd
Error: There must be exactly 3 arguments in the form of mm dd yyyy.
sh-3.00$ ./a5b abcd    01 aba cd 2001
Error: Day must be an integer and greater than or equal to 1.
sh-3.00$ ./a5b 01 abcd 2001[1P[1P[1P[1P[1P[1P[1P[1@a[1@b[1@c[1@d [1@ [1@0[1@1
Error: Month must be an integer and greater than or equal to 1.
sh-3.00$ ./a5b abcd 01 2001            01 01 abcd
Error: Year must be an integer and greater than or equal to 1.
sh-3.00$ ./a5b 01 01 abcd          9 11 1990
September 11th, 1990
sh-3.00$ ./a5b 9 11 1990         01 01 abcd          02 30 2001
Error: There are only 28 days in February
sh-3.00$ ./a5b 02 30 20010[1P[1P[1P[1P[1P[1@0[1@4[1@3[1P [1@ [1@3[1@1
Error: There are only 30 days in this month
sh-3.00$ ./a5b 04 31 2001[1P[1@6
Error: There are only 30 days in this month
sh-3.00$ ./a5b 06 31 2001[1P[1@9
Error: There are only 30 days in this month
sh-3.00$ ./a5b 09 31 2001[1P[1P[1@1[1@1
Error: There are only 30 days in this month
sh-3.00$ ./a5b 11 31 20011 31[1P[1@2[1P[1@2
Error: Day must be less than or equal to 31.
sh-3.00$ ./a5b 12 32 20012[1P[1P[1@0[1@0
Error: Day must be an integer and greater than or equal to 1.
sh-3.00$ ./a5b 12 00 2001[1P[1@1[1P[1@3
Error: Month must be less than or equal to 12.
sh-3.00$ ./a5b 13 01 20013[1P[1P[1@0[1@0
Error: Month must be an integer and greater than or equal to 1.
sh-3.00$ ./a5b 00 01 2001 1[1P[1P[1P[1P[1P[1@1[1@1 [1@ [1@3[1@0
November 30th, 2001
sh-3.00$ ex  exit
exit

script done on March 31, 2016  2:10:36 PM MDT
